This is Git Test log!
添加一些本地修改在test.log里面
